Bill Gates
Microsoft
bill_gates@microsoft.com
Steve Jobs
Apple
steve_jobs@apple.com
Larry Ellison
Oracle
larry_ellison@oracle.com
