Family Pharmacy
Big City
Keep the Faith
Big City
Lock & Key
Big City
Refreshing Cuisine
Big City
Buy & Ride
Metropolis
Hang in There
Metropolis
Bodacious Beauty Parlor
Smallville
Chill & Slurp
Smallville
Gas & Go
Smallville
