2016L
Toyota
Prius
2016L
Toyota
Corolla
2017L
Mazda
Spider
2017L
Mazda
MX-5
2017L
BMW
M3
2017L
BMW
325ci
