2016L
Toyota
Corolla
2016L
Toyota
Prius
2017L
BMW
325ci
2017L
BMW
M3
2017L
Mazda
MX-5
2017L
Mazda
Spider
