1L
1L
2L
PLACEHOLDER
PLACEHOLDER
100.00
2L
1L
4L
PLACEHOLDER
PLACEHOLDER
40.00
