We the people, in order to form a more perfect union establish justice ensure domestic tranquility, provide for the common defense, promote the general welfare and ensure the blessings of liberty for ourselves and our prosperity to ordain and establish t
