2017L
US East
280000.00
2017L
US Midwest
180000.00
2017L
US West
395000.00
