National League
San Francisco Giants
San Francisco
CA
National League
Los Angeles Dodgers
Los Angeles
CA
American League
New York Yankees
New York
NY
American League
Boston Red Sox
Boston
MA
