Bill
Gates
Sales
Steve
Jobs
Marketing
Larry
Ellison
Engineering
