Bill Gates
425-555-1212
Bill Gates
425-111-2222
Steve Jobs
408-555-1212
Steve Jobs
408-333-4444
Larry Ellison
650-555-1212
Larry Ellison
650-555-6666
