holiday
red
3L
birthday
pink
1L
friendship
blue
5L
